// Jest Snapshot v1, https://goo.gl/fbAQLP

exports[`initAutocomplete should instantiate an autocomplete 1`] = `
<div
  id="outer-container"
>
  
          
  <label
    for="form-field-id"
  >
    Enter something
  </label>
  
          
  <div>
    <div
      class="autocomplete__wrapper"
    >
      <div
        class="autocomplete__status"
        style="border: 0px; height: 1px; margin-bottom: -1px; margin-right: -1px; overflow: hidden; padding: 0px; position: absolute; white-space: nowrap; width: 1px;"
      >
        <div
          aria-atomic="true"
          aria-live="polite"
          id="form-field-id__status--A"
          role="status"
        >
          
        </div>
        <div
          aria-atomic="true"
          aria-live="polite"
          id="form-field-id__status--B"
          role="status"
        >
          
        </div>
      </div>
      
      <input
        aria-autocomplete="list"
        aria-controls="form-field-id__listbox"
        aria-describedby="form-field-id__assistiveHint"
        aria-expanded="false"
        autocomplete="off"
        class="autocomplete__input autocomplete__input--show-all-values"
        id="form-field-id"
        name=""
        placeholder=""
        role="combobox"
        type="text"
      />
      <svg
        class="autocomplete__dropdown-arrow-down"
        focusable="false"
        version="1.1"
        xmlns="http://www.w3.org/2000/svg"
      >
        <g
          fill="none"
          fill-rule="evenodd"
          stroke="none"
        >
          <polygon
            fill="#000000"
            points="0 0 22 0 11 17"
          />
        </g>
      </svg>
      <ul
        aria-labelledby="form-field-id"
        class="autocomplete__menu autocomplete__menu--inline autocomplete__menu--hidden"
        id="form-field-id__listbox"
        role="listbox"
      >
        
      </ul>
      <span
        id="form-field-id__assistiveHint"
        style="display: none;"
      >
        When autocomplete results are available use up and down arrows to review and enter to select.  Touch device users, explore by touch or with swipe gestures.
      </span>
    </div>
  </div>
  <select
    id="form-field-id-select"
    style="display: none;"
  >
    
            
    <option
      value=""
    />
    
            
    <option
      value="A"
    >
      A
    </option>
    
            
    <option
      value="B"
    >
      B
    </option>
    
            
    <option
      value="C"
    >
      C
    </option>
    
          
  </select>
  
        
</div>
`;
