// Jest Snapshot v1, https://goo.gl/fbAQLP

exports[`candidateAutocompleteInputs should return candidateAutocompleteInputs 1`] = `
Array [
  Object {
    "autocompleteId": "country-autocomplete",
    "inputIds": Array [
      "candidate-interface-contact-details-form-country-field",
      "candidate-interface-contact-details-form-country-field-error",
      "candidate-interface-degree-institution-form-institution-country-field",
      "candidate-interface-degree-institution-form-institution-country-field-error",
      "candidate-interface-degree-wizard-country-field",
      "candidate-interface-degree-wizard-country-field-error",
      "candidate-interface-gcse-institution-country-form-institution-country-field",
      "candidate-interface-gcse-institution-country-form-institution-country-field-error",
      "candidate-interface-other-qualification-details-form-institution-country-field",
      "candidate-interface-other-qualification-details-form-institution-country-field-error",
    ],
  },
  Object {
    "autocompleteId": "nationality-autocomplete",
    "inputIds": Array [
      "candidate-interface-nationalities-form-first-nationality-field",
      "candidate-interface-nationalities-form-first-nationality-field-error",
      "candidate-interface-nationalities-form-second-nationality-field",
      "candidate-interface-nationalities-form-second-nationality-field-error",
      "candidate-interface-nationalities-form-other-nationality1-field",
      "candidate-interface-nationalities-form-other-nationality1-field-error",
      "candidate-interface-nationalities-form-other-nationality2-field",
      "candidate-interface-nationalities-form-other-nationality2-field-error",
      "candidate-interface-nationalities-form-other-nationality3-field",
      "candidate-interface-nationalities-form-other-nationality3-field-error",
    ],
  },
  Object {
    "autocompleteId": "provider-autocomplete",
    "inputIds": Array [
      "candidate-interface-pick-provider-form-provider-id-field",
      "candidate-interface-pick-provider-form-provider-id-field-error",
    ],
  },
  Object {
    "autocompleteId": "course-autocomplete",
    "inputIds": Array [
      "candidate-interface-pick-course-form-course-id-field",
      "candidate-interface-pick-course-form-course-id-field-error",
    ],
  },
]
`;
